-rwsr-xr-x. 1 root root  40696 Jan  1  2026 /home/arkom/my_cat
-rwsr-xr-x. 1 root root  52936 Jan 16  2026 /usr/bin/at
-rwsr-xr-x. 1 root root  74536 Jan 27  2026 /usr/bin/chage
-rws--x--x. 1 root root  28160 Jan 17  2026 /usr/bin/chfn
-rws--x--x. 1 root root  28088 Jan 17  2026 /usr/bin/chsh
-rwsr-xr-x. 1 root root  53288 Jan 16  2026 /usr/bin/crontab
-rwsr-xr-x. 1 root root  36384 Jan 16  2026 /usr/bin/fusermount
-rwsr-xr-x. 1 root root  40472 Mar 19  2026 /usr/bin/fusermount3
-rwsr-xr-x. 1 root root  32288 Jan 16  2026 /usr/bin/fusermount-glusterfs
-rwsr-xr-x. 1 root root  74032 Jan 27  2026 /usr/bin/gpasswd
-rwsr-xr-x. 1 root root  19632 Apr  8 03:00 /usr/bin/grub2-set-bootflag
-rwsr-xr-x. 1 root root  48744 Jan 17  2026 /usr/bin/mount
-rwsr-xr-x. 1 root root 103144 Mar 14  2026 /usr/bin/mount.nfs
-rwsr-xr-x. 1 root root  42120 Jan 27  2026 /usr/bin/newgrp
-rwsr-xr-x. 1 root root  19792 Jan 23  2026 /usr/bin/pam_timestamp_check
-rwsr-xr-x. 1 root root  91424 Jan 27  2026 /usr/bin/passwd
-rwsr-xr-x. 1 root root  27992 Mar 27  2026 /usr/bin/pkexec
-rwsr-xr-x. 1 root root  57184 Jan 17  2026 /usr/bin/su
---s--x--x. 1 root root 211080 Jan 17  2026 /usr/bin/sudo
-rwsr-xr-x. 1 root root  36360 Jan 17  2026 /usr/bin/umount
-rwsr-xr-x. 1 root root  28176 Jan 23  2026 /usr/bin/unix_chkpwd
-rws--x--x. 1 root root  44728 Jan 17  2026 /usr/bin/userhelper
-rwsr-xr-x. 1 root root  11624 Feb  2  2026 /usr/bin/vmware-user-suid-wrapper
-rwsr-x---. 1 root dbus  32248 Feb 18  2026 /usr/libexec/dbus-1/dbus-daemon-launch-helper
-rwsr-xr-x. 1 root root  19904 Jan 16  2026 /usr/libexec/libgtop_server2
-rwsr-xr-x. 1 root root 606168 Mar 23  2026 /usr/libexec/qemu-bridge-helper
-rwsr-xr-x. 1 root root  19880 Jan 17  2026 /usr/libexec/spice-gtk-x86_64/spice-client-glib-usb-acl-helper
-rwsr-xr-x. 1 root root  19880 Mar 27  2026 /usr/lib/polkit-1/polkit-agent-helper-1
